
> legal-services@0.1.0 build
> next build

  Γû▓ Next.js 14.2.35
  - Environments: .env.local, .env

   Creating an optimized production build ...
 Γ£ô Compiled successfully
   Linting and checking validity of types ...
node.exe : Failed to 
compile.
At line:1 char:1
+ & "C:\Program 
Files\nodejs/node.exe" 
"C:\Program 
Files\nodejs/node_mo ...
+ ~~~~~~~~~~~~~~~~~~~~~~~~
~~~~~~~~~~~~~~~~~~~~~~~~~~
~~~~~~~~~~~~~~~~~~~
    + CategoryInfo        
      : NotSpecified: (F  
  ailed to compile.:Str   
 ing) [], RemoteExcept    
ion
    + FullyQualifiedError 
   Id : NativeCommandErr  
  or
 


./prisma.config.ts:4:30
Type error: Cannot find 
module 'prisma/config' or 
its corresponding type 
declarations.

[0m [90m 2 |[39m 
[90m// npm install 
--save-dev prisma 
dotenv[39m[0m
[0m [90m 3 |[39m 
[36mimport[39m [32m"dot
env/config"[39m[33m;[39
m[0m
[0m[31m[1m>[22m[39m[
90m 4 |[39m 
[36mimport[39m { 
defineConfig } 
[36mfrom[39m [32m"prism
a/config"[39m[33m;[39m
[0m
[0m [90m   |[39m       
                       
[31m[1m^[22m[39m[0m
[0m [90m 5 |[39m[0m
[0m [90m 6 |[39m 
[36mexport[39m 
[36mdefault[39m 
defineConfig({[0m
[0m [90m 7 |[39m   
schema[33m:[39m [32m"pr
isma/schema.prisma"[39m[
33m,[39m[0m

Next.js build worker 
exited with code: 1 and 
signal: null

